// Jest Snapshot v1, https://goo.gl/fbAQLP

exports[`renders ./components/empty/demo/basic.md correctly 1`] = `
<div class="ant-empty">
  <div class="ant-empty-image"><img alt="No Data" src=""></div>
  <p class="ant-empty-description">No Data</p>
</div>
`;

exports[`renders ./components/empty/demo/config-provider.md correctly 1`] = `
<div><button type="button" role="switch" class="ant-switch"><span class="ant-switch-inner">default</span></button>
  <div class="ant-divider ant-divider-horizontal"></div>
  <div class="config-provider">
    <h3>Select</h3>
    <div tabindex="0" class="ant-select ant-select-enabled" style="width: 200px;">
      <div role="combobox" aria-autocomplete="list" aria-haspopup="true" aria-controls="test-uuid" class="ant-select-selection ant-select-selection--single">
        <div class="ant-select-selection__rendered"></div><span unselectable="on" class="ant-select-arrow" style="user-select: none;"><i aria-label="icon: down" class="ant-select-arrow-icon anticon anticon-down"><svg viewBox="64 64 896 896" data-icon="down" width="1em" height="1em" fill="currentColor" aria-hidden="true" focusable="false" class=""><path d="M884 256h-75c-5.1 0-9.9 2.5-12.9 6.6L512 654.2 227.9 262.6c-3-4.1-7.8-6.6-12.9-6.6h-75c-6.5 0-10.3 7.4-6.5 12.7l352.6 486.1c12.8 17.6 39 17.6 51.7 0l352.6-486.1c3.9-5.3.1-12.7-6.4-12.7z"></path></svg></i></span>
      </div>
    </div>
    <h3>TreeSelect</h3> <span role="combobox" aria-haspopup="listbox" tabindex="0" class="ant-select ant-select-enabled" style="width: 200px;"><span class="ant-select-selection ant-select-selection--single"><span class="ant-select-selection__rendered"><span class="ant-select-selection__placeholder"></span></span><span class="ant-select-arrow" style="outline: none;"><i aria-label="icon: down" class="ant-select-arrow-icon anticon anticon-down"><svg viewBox="64 64 896 896" data-icon="down" width="1em" height="1em" fill="currentColor" aria-hidden="true" focusable="false" class=""><path d="M884 256h-75c-5.1 0-9.9 2.5-12.9 6.6L512 654.2 227.9 262.6c-3-4.1-7.8-6.6-12.9-6.6h-75c-6.5 0-10.3 7.4-6.5 12.7l352.6 486.1c12.8 17.6 39 17.6 51.7 0l352.6-486.1c3.9-5.3.1-12.7-6.4-12.7z"></path></svg></i></span></span></span>
    <h3>Cascader</h3> <span tabindex="0" class="ant-cascader-picker ant-cascader-picker-show-search" style="width: 200px;"><span class="ant-cascader-picker-label"></span><input placeholder="Please select" type="text" class="ant-input ant-cascader-input "><i aria-label="icon: down" class="ant-cascader-picker-arrow anticon anticon-down"><svg viewBox="64 64 896 896" data-icon="down" width="1em" height="1em" fill="currentColor" aria-hidden="true" focusable="false" class="">
        <path d="M884 256h-75c-5.1 0-9.9 2.5-12.9 6.6L512 654.2 227.9 262.6c-3-4.1-7.8-6.6-12.9-6.6h-75c-6.5 0-10.3 7.4-6.5 12.7l352.6 486.1c12.8 17.6 39 17.6 51.7 0l352.6-486.1c3.9-5.3.1-12.7-6.4-12.7z"></path>
      </svg></i></span>
    <h3>Transfer</h3>
    <div class="ant-transfer">
      <div class="ant-transfer-list">
        <div class="ant-transfer-list-header"><label class="ant-checkbox-wrapper"><span class="ant-checkbox"><input type="checkbox" class="ant-checkbox-input" value=""><span class="ant-checkbox-inner"></span></span></label><span class="ant-transfer-list-header-selected"><span>0 item</span><span class="ant-transfer-list-header-title"></span></span></div>
        <div class="ant-transfer-list-body">
          <div class="ant-transfer-list-body-not-found">
            <div class="ant-empty ant-empty-small">
              <div class="ant-empty-image"><img alt="No Data" src=""></div>
              <p class="ant-empty-description">No Data</p>
            </div>
          </div>
        </div>
      </div>
      <div class="ant-transfer-operation"><button disabled="disabled" type="button" class="ant-btn ant-btn-primary ant-btn-sm ant-btn-icon-only"><i aria-label="icon: right" class="anticon anticon-right"><svg viewBox="64 64 896 896" data-icon="right" width="1em" height="1em" fill="currentColor" aria-hidden="true" focusable="false" class="">
              <path d="M765.7 486.8L314.9 134.7A7.97 7.97 0 0 0 302 141v77.3c0 4.9 2.3 9.6 6.1 12.6l360 281.1-360 281.1c-3.9 3-6.1 7.7-6.1 12.6V883c0 6.7 7.7 10.4 12.9 6.3l450.8-352.1a31.96 31.96 0 0 0 0-50.4z"></path>
            </svg></i></button><button disabled="disabled" type="button" class="ant-btn ant-btn-primary ant-btn-sm ant-btn-icon-only"><i aria-label="icon: left" class="anticon anticon-left"><svg viewBox="64 64 896 896" data-icon="left" width="1em" height="1em" fill="currentColor" aria-hidden="true" focusable="false" class="">
              <path d="M724 218.3V141c0-6.7-7.7-10.4-12.9-6.3L260.3 486.8a31.86 31.86 0 0 0 0 50.3l450.8 352.1c5.3 4.1 12.9.4 12.9-6.3v-77.3c0-4.9-2.3-9.6-6.1-12.6l-360-281 360-281.1c3.8-3 6.1-7.7 6.1-12.6z"></path>
            </svg></i></button></div>
      <div class="ant-transfer-list">
        <div class="ant-transfer-list-header"><label class="ant-checkbox-wrapper"><span class="ant-checkbox"><input type="checkbox" class="ant-checkbox-input" value=""><span class="ant-checkbox-inner"></span></span></label><span class="ant-transfer-list-header-selected"><span>0 item</span><span class="ant-transfer-list-header-title"></span></span></div>
        <div class="ant-transfer-list-body">
          <div class="ant-transfer-list-body-not-found">
            <div class="ant-empty ant-empty-small">
              <div class="ant-empty-image"><img alt="No Data" src=""></div>
              <p class="ant-empty-description">No Data</p>
            </div>
          </div>
        </div>
      </div>
    </div>
    <h3>Table</h3>
    <div class="ant-table-wrapper" style="margin-top: 8px;">
      <div class="ant-spin-nested-loading">
        <div class="ant-spin-container">
          <div class="ant-table ant-table-scroll-position-left ant-table-default ant-table-empty">
            <div class="ant-table-content">
              <!---->
              <div class="ant-table-body">
                <table class="">
                  <colgroup>
                    <col>
                    <col>
                  </colgroup>
                  <thead class="ant-table-thead">
                    <tr>
                      <th key="name" class="">
                        <div>Name</div>
                      </th>
                      <th key="age" class="">
                        <div>Age</div>
                      </th>
                    </tr>
                  </thead>
                  <tbody class="ant-table-tbody"></tbody>
                </table>
              </div>
              <div class="ant-table-placeholder">
                <div class="ant-empty ant-empty-normal">
                  <div class="ant-empty-image"><img alt="No Data" src=""></div>
                  <p class="ant-empty-description">No Data</p>
                </div>
              </div>
            </div>
          </div>
        </div>
      </div>
    </div>
    <h3>List</h3>
    <div class="ant-list ant-list-split">
      <div class="ant-spin-nested-loading">
        <div class="ant-spin-container">
          <div class="ant-list-empty-text">
            <div class="ant-empty ant-empty-normal">
              <div class="ant-empty-image"><img alt="No Data" src=""></div>
              <p class="ant-empty-description">No Data</p>
            </div>
          </div>
        </div>
      </div>
    </div>
  </div>
</div>
`;

exports[`renders ./components/empty/demo/customize.md correctly 1`] = `
<div class="ant-empty">
  <div class="ant-empty-image"><img alt="empty" src="https://gw.alipayobjects.com/mdn/miniapp_social/afts/img/A*pevERLJC9v0AAAAAAAAAAABjAQAAAQ/original"></div>
  <p class="ant-empty-description"><span> Customize <a href="#API">Description</a></span></p>
  <div class="ant-empty-footer"> <button type="button" class="ant-btn ant-btn-primary"><span>Create Now</span></button></div>
</div>
`;
