// Jest Snapshot v1, https://goo.gl/fbAQLP

exports[`Input should support maxlength 1`] = `<input maxlength="3" type="text" class="ant-input">`;

exports[`Input.Search should support suffix 1`] = `<span class="ant-input-group-wrapper ant-input-search"><span class="ant-input-wrapper ant-input-group"><!----><span class="ant-input-affix-wrapper"><!----><input type="text" class="ant-input"><span class="ant-input-suffix"><!---->suffix</span></span><span class="ant-input-group-addon"><button class="ant-btn ant-input-search-button" type="button"><!----></button></span></span></span>`;

exports[`TextArea should support disabled 1`] = `<textarea disabled="" class="ant-input ant-input-disabled"></textarea>`;

exports[`TextArea should support maxlength 1`] = `<textarea class="ant-input"></textarea>`;

exports[`TextArea should support showCount 1`] = `<div class="ant-input-textarea ant-input-textarea-show-count" data-count="3 / 10"><textarea class="ant-input"></textarea></div>`;
