// Jest Snapshot v1, https://goo.gl/fbAQLP

exports[`Input.Search should support custom Button 1`] = `<span class="ant-input-group-wrapper ant-input-search ant-input-search-with-button"><span class="ant-input-wrapper ant-input-group"><!----><input type="text" class="ant-input"><span class="ant-input-group-addon"><button class="ant-btn ant-btn-default ant-input-search-button" type="button"><!----><span>ok</span></button></span></span></span>`;

exports[`Input.Search should support custom button 1`] = `<span class="ant-input-group-wrapper ant-input-search ant-input-search-with-button"><span class="ant-input-wrapper ant-input-group"><!----><input type="text" class="ant-input"><span class="ant-input-group-addon"><button class="ant-btn ant-btn-primary ant-input-search-button" type="button"><!----><button type="button">ok</button></button></span></span></span>`;
