// Jest Snapshot v1, https://goo.gl/fbAQLP

exports[`antd dist files exports modules correctly 1`] = `
Array [
  "default",
  "install",
  "version",
  "Affix",
  "Alert",
  "Anchor",
  "AnchorLink",
  "AutoComplete",
  "AutoCompleteOptGroup",
  "AutoCompleteOption",
  "Avatar",
  "AvatarGroup",
  "BackTop",
  "Badge",
  "BadgeRibbon",
  "Breadcrumb",
  "BreadcrumbItem",
  "BreadcrumbSeparator",
  "Button",
  "ButtonGroup",
  "Calendar",
  "Card",
  "CardGrid",
  "CardMeta",
  "Carousel",
  "Cascader",
  "CheckableTag",
  "Checkbox",
  "CheckboxGroup",
  "Col",
  "Collapse",
  "CollapsePanel",
  "Comment",
  "ConfigProvider",
  "DatePicker",
  "Descriptions",
  "DescriptionsItem",
  "DirectoryTree",
  "Divider",
  "Drawer",
  "Dropdown",
  "DropdownButton",
  "Empty",
  "Form",
  "FormItem",
  "FormItemRest",
  "Grid",
  "Image",
  "ImagePreviewGroup",
  "Input",
  "InputGroup",
  "InputNumber",
  "InputPassword",
  "InputSearch",
  "Layout",
  "LayoutContent",
  "LayoutFooter",
  "LayoutHeader",
  "LayoutSider",
  "List",
  "ListItem",
  "ListItemMeta",
  "LocaleProvider",
  "Mentions",
  "MentionsOption",
  "Menu",
  "MenuDivider",
  "MenuItem",
  "MenuItemGroup",
  "Modal",
  "MonthPicker",
  "PageHeader",
  "Pagination",
  "Popconfirm",
  "Popover",
  "Progress",
  "QuarterPicker",
  "Radio",
  "RadioButton",
  "RadioGroup",
  "RangePicker",
  "Rate",
  "Result",
  "Row",
  "Select",
  "SelectOptGroup",
  "SelectOption",
  "Skeleton",
  "SkeletonAvatar",
  "SkeletonButton",
  "SkeletonImage",
  "SkeletonInput",
  "Slider",
  "Space",
  "Spin",
  "Statistic",
  "StatisticCountdown",
  "Step",
  "Steps",
  "SubMenu",
  "Switch",
  "TabPane",
  "Table",
  "TableColumn",
  "TableColumnGroup",
  "TableSummary",
  "TableSummaryCell",
  "TableSummaryRow",
  "Tabs",
  "Tag",
  "Textarea",
  "TimePicker",
  "TimeRangePicker",
  "Timeline",
  "TimelineItem",
  "Tooltip",
  "Transfer",
  "Tree",
  "TreeNode",
  "TreeSelect",
  "TreeSelectNode",
  "Typography",
  "TypographyLink",
  "TypographyParagraph",
  "TypographyText",
  "TypographyTitle",
  "Upload",
  "UploadDragger",
  "WeekPicker",
  "message",
  "notification",
]
`;
