// Jest Snapshot v1, https://goo.gl/fbAQLP

exports[`QuarterPicker reset select item when popup close 1`] = `
<div class="ant-picker" style="width: 400px;">
  <div class="ant-picker-input"><input readonly="" placeholder="Select quarter" title="" size="12" autocomplete="off"><span class="ant-picker-suffix"><span role="img" aria-label="calendar" class="anticon anticon-calendar"><svg focusable="false" class="" data-icon="calendar" width="1em" height="1em" fill="currentColor" aria-hidden="true" viewBox="64 64 896 896"><path d="M880 184H712v-64c0-4.4-3.6-8-8-8h-56c-4.4 0-8 3.6-8 8v64H384v-64c0-4.4-3.6-8-8-8h-56c-4.4 0-8 3.6-8 8v64H144c-17.7 0-32 14.3-32 32v664c0 17.7 14.3 32 32 32h736c17.7 0 32-14.3 32-32V216c0-17.7-14.3-32-32-32zm-40 656H184V460h656v380zM184 392V256h128v48c0 4.4 3.6 8 8 8h56c4.4 0 8-3.6 8-8v-48h256v48c0 4.4 3.6 8 8 8h56c4.4 0 8-3.6 8-8v-48h128v136H184z"></path></svg></span></span>
    <!---->
  </div>
  <div>
    <!---->
    <div class="ant-picker-dropdown ant-slide-up-enter ant-slide-up-enter-prepare" style="pointer-events: none; display: none;">
      <div class="ant-picker-panel-container">
        <div tabindex="-1" class="ant-picker-panel ant-picker-panel-focused">
          <div class="ant-picker-quarter-panel">
            <div class="ant-picker-header"><button type="button" tabindex="-1" class="ant-picker-header-super-prev-btn"><span class="ant-picker-super-prev-icon"></span></button>
              <!---->
              <div class="ant-picker-header-view"><button type="button" class="ant-picker-year-btn">2023</button></div>
              <!----><button type="button" tabindex="-1" class="ant-picker-header-super-next-btn"><span class="ant-picker-super-next-icon"></span></button>
            </div>
            <div class="ant-picker-body">
              <table class="ant-picker-content">
                <!---->
                <tbody>
                  <tr>
                    <td title="2023-Q1" class="ant-picker-cell ant-picker-cell-in-view">
                      <div class="ant-picker-cell-inner">Q1</div>
                    </td>
                    <td title="2023-Q2" class="ant-picker-cell ant-picker-cell-in-view">
                      <div class="ant-picker-cell-inner">Q2</div>
                    </td>
                    <td title="2023-Q3" class="ant-picker-cell ant-picker-cell-in-view">
                      <div class="ant-picker-cell-inner">Q3</div>
                    </td>
                    <td title="2023-Q4" class="ant-picker-cell ant-picker-cell-in-view">
                      <div class="ant-picker-cell-inner">Q4</div>
                    </td>
                  </tr>
                </tbody>
              </table>
            </div>
          </div>
          <!---->
        </div>
      </div>
    </div>
  </div>
</div>
`;
