// Jest Snapshot v1, https://goo.gl/fbAQLP

exports[`renders ./components/popconfirm/demo/basic.md correctly 1`] = `<a href="#" class="">Delete</a>`;

exports[`renders ./components/popconfirm/demo/dynamic-trigger.md correctly 1`] = `
<div><a href="#" class="">Delete a task</a> <br> <br>
  Whether directly execute：<label class="ant-checkbox-wrapper"><span class="ant-checkbox ant-checkbox-checked"><input type="checkbox" class="ant-checkbox-input" value=""><span class="ant-checkbox-inner"></span></span></label></div>
`;

exports[`renders ./components/popconfirm/demo/icon.md correctly 1`] = `<a href="#" class="">Delete</a>`;

exports[`renders ./components/popconfirm/demo/local.md correctly 1`] = `<a href="#" class="">Delete</a>`;

exports[`renders ./components/popconfirm/demo/placement.md correctly 1`] = `
<div id="components-a-popconfirm-demo-placement">
  <div style="margin-left: 70px; white-space: nowrap;"><button type="button" class="ant-btn"><span>TL</span></button> <button type="button" class="ant-btn"><span>Top</span></button> <button type="button" class="ant-btn"><span>TR</span></button></div>
  <div style="width: 70px; float: left;"><button type="button" class="ant-btn"><span>LT</span></button> <button type="button" class="ant-btn"><span>Left</span></button> <button type="button" class="ant-btn"><span>LB</span></button></div>
  <div style="width: 70px; margin-left: 304px;"><button type="button" class="ant-btn"><span>RT</span></button> <button type="button" class="ant-btn"><span>Right</span></button> <button type="button" class="ant-btn"><span>RB</span></button></div>
  <div style="margin-left: 70px; clear: both; white-space: nowrap;"><button type="button" class="ant-btn"><span>BL</span></button> <button type="button" class="ant-btn"><span>Bottom</span></button> <button type="button" class="ant-btn"><span>BR</span></button></div>
</div>
`;
